// Vitest Snapshot v1

exports[`LogseqConvertor > parses example 1`] = `
[
  {
    "backlinks": [],
    "dailyAt": undefined,
    "html": "<h1>Contents</h1><ul><li><ul></ul></li></ul>",
    "id": "048b84ca-e374-40c9-90ba-1129207b1d88",
    "subject": "Contents",
  },
  {
    "backlinks": [
      {
        "id": "64530470-0fe2-4d95-915e-b67a1984c24c",
        "label": "May 2nd, 2023",
      },
      {
        "id": undefined,
        "label": "May 4th, 2023",
      },
    ],
    "dailyAt": 1683072000000,
    "html": "<h1>May 3rd, 2023</h1><ul><li><p>This is a test graph</p><ul></ul></li><li><p><a class=\\"backlink new\\" href=\\"https://reflect.app/g/123/64530470-0fe2-4d95-915e-b67a1984c24c\\">May 2nd, 2023</a></p><ul><li><p>This is some notes for yesterday</p><ul></ul></li></ul></li><li><p><a class=\\"backlink new\\" href=\\"https://reflect.app/g/123/May 4th, 2023\\">May 4th, 2023</a></p><ul><li><p>This is some notes for tomorrow</p><ul></ul></li></ul></li></ul>",
    "id": "64530465-ccd1-4b0e-8808-01b031fa10d8",
    "subject": "May 3rd, 2023",
  },
  {
    "backlinks": [],
    "dailyAt": 1682985600000,
    "html": "<h1>May 2nd, 2023</h1><ul><li><p>This is yesterday</p><ul></ul></li></ul>",
    "id": "64530470-0fe2-4d95-915e-b67a1984c24c",
    "subject": "May 2nd, 2023",
  },
  {
    "backlinks": [
      {
        "id": "645304ab-3a8e-41f6-996c-3e023a731b63",
        "label": "Another Page",
      },
    ],
    "dailyAt": undefined,
    "html": "<h1>New Page</h1><ul><li><p>This is a standalone page.</p><ul></ul></li><li><p><a class=\\"backlink new\\" href=\\"https://reflect.app/g/123/645304ab-3a8e-41f6-996c-3e023a731b63\\">Another Page</a></p><ul></ul></li><li><p>:properties:</p><ul></ul></li><li><ul></ul></li></ul>",
    "id": "6453049e-5817-4a48-8ad2-8a64c56295d6",
    "subject": "New Page",
  },
  {
    "backlinks": [],
    "dailyAt": undefined,
    "html": "<h1>Another Page</h1><ul><li><ul></ul></li><li><p>Deeply</p><ul><li><p>Nested</p><ul><li><p>Text</p><ul><li><p>Is</p><ul><li><p>Here</p><ul></ul></li></ul></li></ul></li></ul></li></ul></li><li><p><a href=\\"http://example.com\\">external link</a></p><ul></ul></li><li><p><img src=\\"../assets/SuccessKid_1683162562594_0.jpg\\" alt=\\"SuccessKid.jpg\\"></p><ul></ul></li><li><p>By Originally from the mother's Flickr page, found on Know Your Meme, Fair use, <a href=\\"https://en.wikipedia.org/w/index.php?curid=46523616\\">https://en.wikipedia.org/w/index.php?curid=46523616</a></p><ul></ul></li></ul>",
    "id": "645304ab-3a8e-41f6-996c-3e023a731b63",
    "subject": "Another Page",
  },
]
`;
